// Jest Snapshot v1, https://goo.gl/fbAQLP

exports[`test expense list item 1`] = `
<div>
  <Link
    replace={false}
    to="/edit/2"
  >
    <h1>
      Orange
    </h1>
  </Link>
  <p>
    130
     - 
    345600000
  </p>
</div>
`;
